211889 https://banknamu.com/
260486 https://banknamu.com/%EB%8B%A4%EC%9D%B4%EB%A0%89%ED%8A%B8-%EC%9E%90%EB%8F%99%EC%B0%A8%EB%B3%B4%ED%97%98-%EB%B9%84%EA%B5%90/
213611 https://banknamu.com/%EC%82%AC%EC%97%85%EC%9E%90-%ED%86%B5%EC%9E%A5-%EA%B0%9C%EC%84%A4/
209050 https://banknamu.com/%EC%9D%B4%EC%9E%90%EC%86%8C%EB%93%9D-%EC%84%B8%EA%B8%88/
224936 https://banknamu.com/%EC%9E%90%EB%8F%99%EC%B0%A8-%EB%B3%B4%ED%97%98%EB%A3%8C-%EA%B3%84%EC%82%B0/
221092 https://banknamu.com/%EC%9E%90%EB%8F%99%EC%B0%A8-%EB%B3%B4%ED%97%98-%ED%95%A0%EC%A6%9D-%EA%B8%B0%EC%A4%80/
216772 https://banknamu.com/%EC%9E%90%EB%8F%99%EC%B0%A8-%EB%B3%B4%ED%97%98-%ED%95%A0%EC%A6%9D-%ED%94%BC%ED%95%98%EA%B8%B0/
212169 https://banknamu.com/%EC%9E%A5%EB%B3%91%EB%82%B4%EC%9D%BC%EC%A4%80%EB%B9%84%EC%A0%81%EA%B8%88/
225868 https://banknamu.com/%EC%A0%80%EC%B6%95%EC%9D%80%ED%96%89-%EC%88%9C%EC%9C%84/
216684 https://banknamu.com/%EC%A7%80%EA%B8%89%EC%A0%95%EC%A7%80-%EA%B3%84%EC%A2%8C-%ED%91%B8%EB%8A%94-%EB%B0%A9%EB%B2%95/
208280 https://banknamu.com/%EC%B2%AD%EB%85%84%EB%8F%84%EC%95%BD%EA%B3%84%EC%A2%8C/
212983 https://banknamu.com/%EC%B2%AD%EB%85%84%EC%A3%BC%ED%83%9D%EC%B2%AD%EC%95%BD-%EC%A1%B0%EA%B1%B4/
218075 https://banknamu.com/%EC%B2%AD%EB%85%84%EC%A7%80%EC%9B%90%EA%B8%88-%EC%A2%85%EB%A5%98/
215559 https://banknamu.com/%EC%B2%AD%EC%95%BD%ED%86%B5%EC%9E%A5-%EB%A7%8C%EB%93%A4%EA%B8%B0/
221684 https://banknamu.com/%ED%8C%8C%ED%82%B9%ED%86%B5%EC%9E%A5-%EA%B8%88%EB%A6%AC-%EB%B9%84%EA%B5%90/
223106 https://banknamu.com/%ED%8C%8C%ED%82%B9%ED%86%B5%EC%9E%A5-%EC%88%9C%EC%9C%84/
216533 https://banknamu.com/%ED%95%9C%EB%8F%84%EC%A0%9C%ED%95%9C%EA%B3%84%EC%A2%8C-%ED%92%80%EA%B8%B0/
231647 https://banknamu.com/%ED%95%A0%EC%9D%B8%ED%95%A0%EC%A6%9D-%EB%93%B1%EA%B8%89/
207799 https://banknamu.com/1%EB%85%84-%EC%A0%81%EA%B8%88-%EC%9D%B4%EC%9E%90-%EB%86%92%EC%9D%80-%EC%9D%80%ED%96%89/
178261 https://banknamu.com/banking/
215662 https://banknamu.com/category/bank/
176411 https://banknamu.com/category/bank/card/
217213 https://banknamu.com/category/bank/deposit/
191933 https://banknamu.com/category/bank/deposit/page/2/
196650 https://banknamu.com/category/bank/insurance/
176479 https://banknamu.com/category/bank/loan/
210767 https://banknamu.com/category/bank/page/2/
175846 https://banknamu.com/category/invest/
176623 https://banknamu.com/category/tax/
181321 https://banknamu.com/category/tip/
228496 https://banknamu.com/ok%EC%A0%80%EC%B6%95%EC%9D%80%ED%96%89-%ED%8C%8C%ED%82%B9%ED%86%B5%EC%9E%A5-%EB%A7%8C%EB%93%A4%EA%B8%B0/
210406 https://banknamu.com/page/2/
done 32 / 32
